2026-09-21 13:57:09 | [INFO   ] | Логгер успешно сконфигурирован
2026-09-21 13:57:09 | [INFO   ] | Приложение запущено
2026-09-21 14:01:06 | [INFO   ] | Логгер успешно сконфигурирован
2026-09-21 14:01:06 | [INFO   ] | Приложение запущено
2026-09-21 14:01:06 | [INFO   ] | Начало обработки запроса
2026-09-21 14:01:15 | [INFO   ] | Параметры запроса: A='5', B='5', C='5'
2026-09-21 14:01:15 | [DEBUG  ] | Сторона A успешно распознана: 5.0
2026-09-21 14:01:15 | [DEBUG  ] | Сторона B успешно распознана: 5.0
2026-09-21 14:01:15 | [DEBUG  ] | Сторона C успешно распознана: 5.0
2026-09-21 14:01:15 | [INFO   ] | Вид треугольника: равносторонний
2026-09-21 14:01:15 | [DEBUG  ] | Вычисленные координаты вершин: [(10, 90), (90, 90), (50, 21)]
2026-09-21 14:01:15 | [INFO   ] | Результат: тип='равносторонний', вершины=[(10, 90), (90, 90), (50, 21)]
2026-09-21 14:01:15 | [INFO   ] | Запрос успешно обработан
2026-09-21 14:02:02 | [INFO   ] | Логгер успешно сконфигурирован
2026-09-21 14:02:02 | [INFO   ] | Приложение запущено
2026-09-21 14:02:02 | [INFO   ] | Начало обработки запроса
2026-09-21 14:02:12 | [INFO   ] | Параметры запроса: A='12', B='12', C='8'
2026-09-21 14:02:12 | [DEBUG  ] | Сторона A успешно распознана: 12.0
2026-09-21 14:02:12 | [DEBUG  ] | Сторона B успешно распознана: 12.0
2026-09-21 14:02:12 | [DEBUG  ] | Сторона C успешно распознана: 8.0
2026-09-21 14:02:12 | [INFO   ] | Вид треугольника: равнобедренный
2026-09-21 14:02:12 | [DEBUG  ] | Вычисленные координаты вершин: [(10, 90), (90, 90), (28, 40)]
2026-09-21 14:02:12 | [INFO   ] | Результат: тип='равнобедренный', вершины=[(10, 90), (90, 90), (28, 40)]
2026-09-21 14:02:12 | [INFO   ] | Запрос успешно обработан
2026-09-21 14:03:08 | [INFO   ] | Логгер успешно сконфигурирован
2026-09-21 14:03:08 | [INFO   ] | Приложение запущено
2026-09-21 14:03:08 | [INFO   ] | Начало обработки запроса
2026-09-21 14:03:16 | [INFO   ] | Параметры запроса: A='1', B='2', C='3'
2026-09-21 14:03:16 | [DEBUG  ] | Сторона A успешно распознана: 1.0
2026-09-21 14:03:16 | [DEBUG  ] | Сторона B успешно распознана: 2.0
2026-09-21 14:03:16 | [DEBUG  ] | Сторона C успешно распознана: 3.0
2026-09-21 14:03:16 | [WARNING] | Стороны 1.0, 2.0, 3.0 не образуют треугольник
2026-09-21 14:03:16 | [INFO   ] | Вид треугольника: не треугольник
2026-09-21 14:03:16 | [WARNING] | Невозможно вычислить координаты: стороны не образуют треугольник
2026-09-21 14:03:16 | [INFO   ] | Результат: тип='не треугольник', вершины=[(-1, -1), (-1, -1), (-1, -1)]
2026-09-21 14:03:16 | [INFO   ] | Запрос успешно обработан
2026-09-21 14:03:38 | [INFO   ] | Логгер успешно сконфигурирован
2026-09-21 14:03:38 | [INFO   ] | Приложение запущено
2026-09-21 14:03:38 | [INFO   ] | Начало обработки запроса
2026-09-21 14:03:43 | [INFO   ] | Параметры запроса: A='0', B='0', C='f'
2026-09-21 14:03:43 | [ERROR  ] | Ошибка при разборе стороны A: 0
2026-09-21 14:03:43 | [ERROR  ] | Трассировка стека:
Traceback (most recent call last):
  File "G:\4 kurs\PythonProject2\PTPM-VKI\lab1.py", line 32, in parse_side
    raise ValueError(f"Сторона {side_name} должна быть положительной: {num}")
ValueError: Сторона A должна быть положительной: 0.0
2026-09-21 14:03:43 | [ERROR  ] | Ошибка при разборе стороны B: 0
2026-09-21 14:03:43 | [ERROR  ] | Трассировка стека:
Traceback (most recent call last):
  File "G:\4 kurs\PythonProject2\PTPM-VKI\lab1.py", line 32, in parse_side
    raise ValueError(f"Сторона {side_name} должна быть положительной: {num}")
ValueError: Сторона B должна быть положительной: 0.0
2026-09-21 14:03:43 | [ERROR  ] | Ошибка при разборе стороны C: f
2026-09-21 14:03:43 | [ERROR  ] | Трассировка стека:
Traceback (most recent call last):
  File "G:\4 kurs\PythonProject2\PTPM-VKI\lab1.py", line 30, in parse_side
    num = float(value)
ValueError: could not convert string to float: 'f'
2026-09-21 14:03:43 | [ERROR  ] | Невалидные (нечисловые) входные данные
